#1 [internal] load build definition from Dockerfile
#1 transferring dockerfile: 900B done
#1 DONE 0.0s

#2 [internal] load metadata for docker.io/library/python:3.13.14-slim-bookworm@sha256:67a1e1f215ccda113cfc024e8639049257e88f273898f595b61476d128d387e8
#2 DONE 0.0s

#3 [internal] load .dockerignore
#3 DONE 0.0s

#4 [internal] load build context
#4 transferring context: 161.85kB 0.0s done
#4 DONE 0.1s

#5 [1/6] FROM docker.io/library/python:3.13.14-slim-bookworm@sha256:67a1e1f215ccda113cfc024e8639049257e88f273898f595b61476d128d387e8
#5 resolve docker.io/library/python:3.13.14-slim-bookworm@sha256:67a1e1f215ccda113cfc024e8639049257e88f273898f595b61476d128d387e8 0.0s done
#5 DONE 0.1s

#6 [2/6] WORKDIR /srv/inference
#6 DONE 0.4s

#7 [3/6] COPY app/inference/requirements.txt /srv/inference/requirements.txt
#7 DONE 0.0s

#8 [4/6] RUN python -m pip install --no-cache-dir --require-hashes     --extra-index-url https://download.pytorch.org/whl/cu128 -r requirements.txt
#8 3.310 Collecting annotated-doc==0.0.5 (from -r requirements.txt (line 5))
#8 4.131   Downloading annotated_doc-0.0.5-py3-none-any.whl (5.3 kB)
#8 4.223 Collecting annotated-types==0.8.0 (from -r requirements.txt (line 9))
#8 4.384   Downloading annotated_types-0.8.0-py3-none-any.whl (13 kB)
#8 4.830 Collecting anyio==4.15.1 (from -r requirements.txt (line 13))
#8 5.104   Downloading anyio-4.15.1-py3-none-any.whl (132 kB)
#8 5.744 Collecting certifi==2026.7.22 (from -r requirements.txt (line 17))
#8 5.816   Downloading certifi-2026.7.22-py3-none-any.whl (136 kB)
#8 6.673 Collecting cffi==2.1.1 (from -r requirements.txt (line 21))
#8 6.758   Downloading cffi-2.1.1-cp313-cp313-manylinux2014_x86_64.manylinux_2_17_x86_64.whl (221 kB)
#8 7.808 Collecting charset-normalizer==3.5.1 (from -r requirements.txt (line 123))
#8 8.042   Downloading charset_normalizer-3.5.1-cp313-cp313-manylinux2014_x86_64.manylinux_2_17_x86_64.manylinux_2_28_x86_64.whl (250 kB)
#8 8.882 Collecting click==8.5.0 (from -r requirements.txt (line 297))
#8 9.010   Downloading click-8.5.0-py3-none-any.whl (125 kB)
#8 9.323 Collecting cloudpickle==3.1.2 (from -r requirements.txt (line 301))
#8 9.400   Downloading cloudpickle-3.1.2-py3-none-any.whl (22 kB)
#8 9.632 Collecting fastapi==0.141.1 (from -r requirements.txt (line 305))
#8 9.714   Downloading fastapi-0.141.1-py3-none-any.whl (131 kB)
#8 9.974 Collecting filelock==3.32.5 (from -r requirements.txt (line 309))
#8 10.09   Downloading filelock-3.32.5-py3-none-any.whl (100 kB)
#8 10.27 Collecting fsspec==2026.7.0 (from -r requirements.txt (line 315))
#8 10.35   Downloading fsspec-2026.7.0-py3-none-any.whl (206 kB)
#8 10.70 Collecting h11==0.16.0 (from -r requirements.txt (line 321))
#8 10.77   Downloading h11-0.16.0-py3-none-any.whl (37 kB)
#8 10.95 Collecting hf-xet==1.6.0 (from -r requirements.txt (line 325))
#8 11.02   Downloading hf_xet-1.6.0-cp38-abi3-manylinux2014_x86_64.manylinux_2_17_x86_64.whl (4.5 MB)
#8 14.66      ━━━━━━━━━━━━━━━━━━━━━━━━━━━━━━━━━━━━━━━━ 4.5/4.5 MB 1.2 MB/s  0:00:03
#8 14.81 Collecting huggingface-hub==0.36.2 (from -r requirements.txt (line 344))
#8 14.89   Downloading huggingface_hub-0.36.2-py3-none-any.whl (566 kB)
#8 15.35      ━━━━━━━━━━━━━━━━━━━━━━━━━━━━━━━━━━━━━━━━ 566.4/566.4 kB 1.2 MB/s  0:00:00
#8 15.44 Collecting hyperpyyaml==1.2.3 (from -r requirements.txt (line 350))
#8 15.53   Downloading hyperpyyaml-1.2.3-py3-none-any.whl (16 kB)
#8 15.62 Collecting idna==3.19 (from -r requirements.txt (line 354))
#8 15.70   Downloading idna-3.19-py3-none-any.whl (68 kB)
#8 15.83 Collecting jinja2==3.1.6 (from -r requirements.txt (line 360))
#8 15.91   Downloading jinja2-3.1.6-py3-none-any.whl (134 kB)
#8 16.08 Collecting joblib==1.6.0 (from -r requirements.txt (line 364))
#8 16.17   Downloading joblib-1.6.0-py3-none-any.whl (306 kB)
#8 16.51 Collecting markupsafe==3.0.3 (from -r requirements.txt (line 368))
#8 16.59   Downloading markupsafe-3.0.3-cp313-cp313-manylinux2014_x86_64.manylinux_2_17_x86_64.manylinux_2_28_x86_64.whl (22 kB)
#8 16.67 Collecting mpmath==1.3.0 (from -r requirements.txt (line 459))
#8 16.74   Downloading mpmath-1.3.0-py3-none-any.whl (536 kB)
#8 17.09      ━━━━━━━━━━━━━━━━━━━━━━━━━━━━━━━━━━━━━━━━ 536.2/536.2 kB 1.6 MB/s  0:00:00
#8 17.19 Collecting networkx==3.6.1 (from -r requirements.txt (line 463))
#8 17.27   Downloading networkx-3.6.1-py3-none-any.whl (2.1 MB)
#8 18.88      ━━━━━━━━━━━━━━━━━━━━━━━━━━━━━━━━━━━━━━━━ 2.1/2.1 MB 1.3 MB/s  0:00:01
#8 19.36 Collecting numpy==2.4.3 (from -r requirements.txt (line 467))
#8 19.48   Downloading numpy-2.4.3-cp313-cp313-manylinux_2_27_x86_64.manylinux_2_28_x86_64.whl (16.6 MB)
#8 25.75      ━━━━━━━━━━━━━━━━━━━━━━━━━━━━━━━━━━━━━━━━ 16.6/16.6 MB 2.7 MB/s  0:00:06
#8 25.90 Collecting nvidia-cublas-cu12==12.8.4.1 (from -r requirements.txt (line 545))
#8 25.99   Downloading nvidia_cublas_cu12-12.8.4.1-py3-none-manylinux_2_27_x86_64.whl (594.3 MB)
#8 357.0      ━━━━━━━━━━━━━━━━━━━━━━━━━━━━━━━━━━━━━━━━ 594.3/594.3 MB 1.2 MB/s  0:05:30
#8 357.5 Collecting nvidia-cuda-cupti-cu12==12.8.90 (from -r requirements.txt (line 553))
#8 357.6   Downloading nvidia_cuda_cupti_cu12-12.8.90-py3-none-manylinux2014_x86_64.manylinux_2_17_x86_64.whl (10.2 MB)
#8 362.7      ━━━━━━━━━━━━━━━━━━━━━━━━━━━━━━━━━━━━━━━━ 10.2/10.2 MB 2.0 MB/s  0:00:05
#8 362.8 Collecting nvidia-cuda-nvrtc-cu12==12.8.93 (from -r requirements.txt (line 558))
#8 362.8   Downloading nvidia_cuda_nvrtc_cu12-12.8.93-py3-none-manylinux2010_x86_64.manylinux_2_12_x86_64.whl (88.0 MB)
#8 412.7      ━━━━━━━━━━━━━━━━━━━━━━━━━━━━━━━━━━━━━━━━ 88.0/88.0 MB 2.1 MB/s  0:00:49
#8 412.9 Collecting nvidia-cuda-runtime-cu12==12.8.90 (from -r requirements.txt (line 563))
#8 413.0   Downloading nvidia_cuda_runtime_cu12-12.8.90-py3-none-manylinux2014_x86_64.manylinux_2_17_x86_64.whl (954 kB)
#8 413.2      ━━━━━━━━━━━━━━━━━━━━━━━━━━━━━━━━━━━━━━━━ 954.8/954.8 kB 4.2 MB/s  0:00:00
#8 413.4 Collecting nvidia-cudnn-cu12==9.10.2.21 (from -r requirements.txt (line 568))
#8 413.5   Downloading nvidia_cudnn_cu12-9.10.2.21-py3-none-manylinux_2_27_x86_64.whl (706.8 MB)
#8 677.1      ━━━━━━━━━━━━━━━━━━━━━━━━━━━━━━━━━━━━━━━━ 706.8/706.8 MB 3.1 MB/s  0:04:23
#8 677.6 Collecting nvidia-cufft-cu12==11.3.3.83 (from -r requirements.txt (line 573))
#8 677.7   Downloading nvidia_cufft_cu12-11.3.3.83-py3-none-manylinux2014_x86_64.manylinux_2_17_x86_64.whl (193.1 MB)
#8 756.1      ━━━━━━━━━━━━━━━━━━━━━━━━━━━━━━━━━━━━━━━━ 193.1/193.1 MB 2.2 MB/s  0:01:18
#8 756.3 Collecting nvidia-cufile-cu12==1.13.1.3 (from -r requirements.txt (line 578))
#8 756.3   Downloading nvidia_cufile_cu12-1.13.1.3-py3-none-manylinux2014_x86_64.manylinux_2_17_x86_64.whl (1.2 MB)
#8 757.0      ━━━━━━━━━━━━━━━━━━━━━━━━━━━━━━━━━━━━━━━━ 1.2/1.2 MB 1.8 MB/s  0:00:00
#8 757.1 Collecting nvidia-curand-cu12==10.3.9.90 (from -r requirements.txt (line 582))
#8 757.2   Downloading nvidia_curand_cu12-10.3.9.90-py3-none-manylinux_2_27_x86_64.whl (63.6 MB)
#8 807.0      ━━━━━━━━━━━━━━━━━━━━━━━━━━━━━━━━━━━━━━━━ 63.6/63.6 MB 1.2 MB/s  0:00:49
#8 807.1 Collecting nvidia-cusolver-cu12==11.7.3.90 (from -r requirements.txt (line 587))
#8 807.2   Downloading nvidia_cusolver_cu12-11.7.3.90-py3-none-manylinux_2_27_x86_64.whl (267.5 MB)
#8 957.4      ━━━━━━━━━━━━━━━━━━━━━━━━━━━━━━━━━━━━━━━━ 267.5/267.5 MB 2.4 MB/s  0:02:30
#8 957.8 Collecting nvidia-cusparse-cu12==12.5.8.93 (from -r requirements.txt (line 592))
#8 957.8   Downloading nvidia_cusparse_cu12-12.5.8.93-py3-none-manylinux2014_x86_64.manylinux_2_17_x86_64.whl (288.2 MB)
#8 1082.3      ━━━━━━━━━━━━━━━━━━━━━━━━━━━━━━━━━━━━━━━━ 288.2/288.2 MB 2.4 MB/s  0:02:04
#8 1082.6 Collecting nvidia-cusparselt-cu12==0.7.1 (from -r requirements.txt (line 599))
#8 1082.6   Downloading nvidia_cusparselt_cu12-0.7.1-py3-none-manylinux2014_x86_64.whl (287.2 MB)
#8 1199.4      ━━━━━━━━━━━━━━━━━━━━━━━━━━━━━━━━━━━━━━━━ 287.2/287.2 MB 2.3 MB/s  0:01:56
#8 1199.8 Collecting nvidia-nccl-cu12==2.27.3 (from -r requirements.txt (line 604))
#8 1199.8   Downloading nvidia_nccl_cu12-2.27.3-py3-none-manylinux2014_x86_64.manylinux_2_17_x86_64.whl (322.4 MB)
#8 1333.4      ━━━━━━━━━━━━━━━━━━━━━━━━━━━━━━━━━━━━━━━━ 322.4/322.4 MB 2.4 MB/s  0:02:13
#8 1333.6 Collecting nvidia-nvjitlink-cu12==12.8.93 (from -r requirements.txt (line 608))
#8 1333.7   Downloading nvidia_nvjitlink_cu12-12.8.93-py3-none-manylinux2010_x86_64.manylinux_2_12_x86_64.whl (39.3 MB)
#8 1346.6      ━━━━━━━━━━━━━━━━━━━━━━━━━━━━━━━━━━━━━━━━ 39.3/39.3 MB 3.0 MB/s  0:00:12
#8 1346.7 Collecting nvidia-nvtx-cu12==12.8.90 (from -r requirements.txt (line 617))
#8 1346.8   Downloading nvidia_nvtx_cu12-12.8.90-py3-none-manylinux2014_x86_64.manylinux_2_17_x86_64.whl (89 kB)
#8 1346.9 Collecting packaging==26.3 (from -r requirements.txt (line 622))
#8 1347.0   Downloading packaging-26.3-py3-none-any.whl (129 kB)
#8 1347.1 Collecting pycparser==3.0 (from -r requirements.txt (line 629))
#8 1347.2   Downloading pycparser-3.0-py3-none-any.whl (48 kB)
#8 1347.4 Collecting pydantic==2.13.4 (from -r requirements.txt (line 633))
#8 1347.5   Downloading pydantic-2.13.4-py3-none-any.whl (472 kB)
#8 1348.6 Collecting pydantic-core==2.46.4 (from -r requirements.txt (line 640))
#8 1348.6   Downloading pydantic_core-2.46.4-cp313-cp313-manylinux_2_17_x86_64.manylinux2014_x86_64.whl (2.1 MB)
#8 1349.2      ━━━━━━━━━━━━━━━━━━━━━━━━━━━━━━━━━━━━━━━━ 2.1/2.1 MB 3.4 MB/s  0:00:00
#8 1349.4 Collecting pydantic-settings==2.14.2 (from -r requirements.txt (line 762))
#8 1349.4   Downloading pydantic_settings-2.14.2-py3-none-any.whl (61 kB)
#8 1349.6 Collecting python-dotenv==1.2.3 (from -r requirements.txt (line 766))
#8 1349.7   Downloading python_dotenv-1.2.3-py3-none-any.whl (22 kB)
#8 1349.8 Collecting pyyaml==6.0.3 (from -r requirements.txt (line 770))
#8 1349.9   Downloading pyyaml-6.0.3-cp313-cp313-manylinux2014_x86_64.manylinux_2_17_x86_64.manylinux_2_28_x86_64.whl (801 kB)
#8 1350.1      ━━━━━━━━━━━━━━━━━━━━━━━━━━━━━━━━━━━━━━━━ 801.6/801.6 kB 3.5 MB/s  0:00:00
#8 1350.2 Collecting requests==2.34.2 (from -r requirements.txt (line 847))
#8 1350.3   Downloading requests-2.34.2-py3-none-any.whl (73 kB)
#8 1350.6 Collecting ruamel-yaml==0.18.17 (from -r requirements.txt (line 853))
#8 1350.7   Downloading ruamel_yaml-0.18.17-py3-none-any.whl (121 kB)
#8 1350.8 Collecting ruamel-yaml-clib==0.2.15 (from -r requirements.txt (line 857))
#8 1350.9   Downloading ruamel_yaml_clib-0.2.15-cp313-cp313-manylinux2014_x86_64.manylinux_2_17_x86_64.manylinux_2_28_x86_64.whl (782 kB)
#8 1351.2      ━━━━━━━━━━━━━━━━━━━━━━━━━━━━━━━━━━━━━━━━ 782.1/782.1 kB 3.3 MB/s  0:00:00
#8 1351.4 Collecting scipy==1.17.1 (from -r requirements.txt (line 920))
#8 1351.4   Downloading scipy-1.17.1-cp313-cp313-manylinux_2_27_x86_64.manylinux_2_28_x86_64.whl (35.2 MB)
#8 1367.2      ━━━━━━━━━━━━━━━━━━━━━━━━━━━━━━━━━━━━━━━━ 35.2/35.2 MB 2.2 MB/s  0:00:15
#8 1367.3 Collecting sentencepiece==0.2.2 (from -r requirements.txt (line 985))
#8 1367.4   Downloading sentencepiece-0.2.2-cp313-cp313-manylinux_2_27_x86_64.manylinux_2_28_x86_64.whl (1.4 MB)
#8 1368.2      ━━━━━━━━━━━━━━━━━━━━━━━━━━━━━━━━━━━━━━━━ 1.4/1.4 MB 1.9 MB/s  0:00:00
#8 1368.5 Collecting setuptools==84.0.0 (from -r requirements.txt (line 1044))
#8 1368.5   Downloading setuptools-84.0.0-py3-none-any.whl (818 kB)
#8 1369.2      ━━━━━━━━━━━━━━━━━━━━━━━━━━━━━━━━━━━━━━━━ 818.2/818.2 kB 1.1 MB/s  0:00:00
#8 1369.3 Collecting silero-vad==6.2.1 (from -r requirements.txt (line 1050))
#8 1369.4   Downloading silero_vad-6.2.1-py3-none-any.whl (9.1 MB)
#8 1374.9      ━━━━━━━━━━━━━━━━━━━━━━━━━━━━━━━━━━━━━━━━ 9.1/9.1 MB 1.7 MB/s  0:00:05
#8 1375.0 Collecting soundfile==0.14.0 (from -r requirements.txt (line 1054))
#8 1375.1   Downloading soundfile-0.14.0-py2.py3-none-manylinux_2_28_x86_64.whl (1.3 MB)
#8 1375.7      ━━━━━━━━━━━━━━━━━━━━━━━━━━━━━━━━━━━━━━━━ 1.3/1.3 MB 2.3 MB/s  0:00:00
#8 1375.8 Collecting speechbrain==1.1.1 (from -r requirements.txt (line 1067))
#8 1375.8   Downloading speechbrain-1.1.1-py3-none-any.whl (2.3 MB)
#8 1376.9      ━━━━━━━━━━━━━━━━━━━━━━━━━━━━━━━━━━━━━━━━ 2.3/2.3 MB 2.4 MB/s  0:00:01
#8 1377.0 Collecting starlette==1.6.0 (from -r requirements.txt (line 1071))
#8 1377.0   Downloading starlette-1.6.0-py3-none-any.whl (75 kB)
#8 1377.1 Collecting sympy==1.14.0 (from -r requirements.txt (line 1075))
#8 1377.2   Downloading sympy-1.14.0-py3-none-any.whl (6.3 MB)
#8 1381.2      ━━━━━━━━━━━━━━━━━━━━━━━━━━━━━━━━━━━━━━━━ 6.3/6.3 MB 1.5 MB/s  0:00:03
#8 1381.4 ERROR: Ignored the following versions that require a different python version: 1.10.0 Requires-Python >=3.8,<3.12; 1.10.0rc1 Requires-Python >=3.8,<3.12; 1.10.0rc2 Requires-Python >=3.8,<3.12; 1.10.1 Requires-Python >=3.8,<3.12; 1.11.0 Requires-Python >=3.9,<3.13; 1.11.0rc1 Requires-Python >=3.9,<3.13; 1.11.0rc2 Requires-Python >=3.9,<3.13; 1.11.1 Requires-Python >=3.9,<3.13; 1.11.2 Requires-Python >=3.9,<3.13; 1.11.3 Requires-Python >=3.9,<3.13; 1.21.2 Requires-Python >=3.7,<3.11; 1.21.3 Requires-Python >=3.7,<3.11; 1.21.4 Requires-Python >=3.7,<3.11; 1.21.5 Requires-Python >=3.7,<3.11; 1.21.6 Requires-Python >=3.7,<3.11; 1.26.0 Requires-Python >=3.9,<3.13; 1.26.1 Requires-Python >=3.9,<3.13; 1.6.2 Requires-Python >=3.7,<3.10; 1.6.3 Requires-Python >=3.7,<3.10; 1.7.0 Requires-Python >=3.7,<3.10; 1.7.1 Requires-Python >=3.7,<3.10; 1.7.2 Requires-Python >=3.7,<3.11; 1.7.3 Requires-Python >=3.7,<3.11; 1.8.0 Requires-Python >=3.8,<3.11; 1.8.0rc1 Requires-Python >=3.8,<3.11; 1.8.0rc2 Requires-Python >=3.8,<3.11; 1.8.0rc3 Requires-Python >=3.8,<3.11; 1.8.0rc4 Requires-Python >=3.8,<3.11; 1.8.1 Requires-Python >=3.8,<3.11; 1.9.0 Requires-Python >=3.8,<3.12; 1.9.0rc1 Requires-Python >=3.8,<3.12; 1.9.0rc2 Requires-Python >=3.8,<3.12; 1.9.0rc3 Requires-Python >=3.8,<3.12; 1.9.1 Requires-Python >=3.8,<3.12
#8 1381.4 ERROR: Could not find a version that satisfies the requirement torch==2.8.0+cu128 (from versions: 2.5.0, 2.5.1, 2.6.0, 2.7.0, 2.7.1, 2.8.0, 2.9.0, 2.9.1, 2.10.0, 2.11.0, 2.12.0, 2.12.1, 2.13.0, 2.14.0)
#8 1381.4 
#8 1381.4 [notice] A new release of pip is available: 26.1.2 -> 26.2.1
#8 1381.4 [notice] To update, run: pip install --upgrade pip
#8 1381.4 ERROR: No matching distribution found for torch==2.8.0+cu128
#8 ERROR: process "/bin/sh -c python -m pip install --no-cache-dir --require-hashes     --extra-index-url https://download.pytorch.org/whl/cu128 -r requirements.txt" did not complete successfully: exit code: 1
------
 > [4/6] RUN python -m pip install --no-cache-dir --require-hashes     --extra-index-url https://download.pytorch.org/whl/cu128 -r requirements.txt:
1377.0   Downloading starlette-1.6.0-py3-none-any.whl (75 kB)
1377.1 Collecting sympy==1.14.0 (from -r requirements.txt (line 1075))
1377.2   Downloading sympy-1.14.0-py3-none-any.whl (6.3 MB)
1381.2      ━━━━━━━━━━━━━━━━━━━━━━━━━━━━━━━━━━━━━━━━ 6.3/6.3 MB 1.5 MB/s  0:00:03
1381.4 ERROR: Ignored the following versions that require a different python version: 1.10.0 Requires-Python >=3.8,<3.12; 1.10.0rc1 Requires-Python >=3.8,<3.12; 1.10.0rc2 Requires-Python >=3.8,<3.12; 1.10.1 Requires-Python >=3.8,<3.12; 1.11.0 Requires-Python >=3.9,<3.13; 1.11.0rc1 Requires-Python >=3.9,<3.13; 1.11.0rc2 Requires-Python >=3.9,<3.13; 1.11.1 Requires-Python >=3.9,<3.13; 1.11.2 Requires-Python >=3.9,<3.13; 1.11.3 Requires-Python >=3.9,<3.13; 1.21.2 Requires-Python >=3.7,<3.11; 1.21.3 Requires-Python >=3.7,<3.11; 1.21.4 Requires-Python >=3.7,<3.11; 1.21.5 Requires-Python >=3.7,<3.11; 1.21.6 Requires-Python >=3.7,<3.11; 1.26.0 Requires-Python >=3.9,<3.13; 1.26.1 Requires-Python >=3.9,<3.13; 1.6.2 Requires-Python >=3.7,<3.10; 1.6.3 Requires-Python >=3.7,<3.10; 1.7.0 Requires-Python >=3.7,<3.10; 1.7.1 Requires-Python >=3.7,<3.10; 1.7.2 Requires-Python >=3.7,<3.11; 1.7.3 Requires-Python >=3.7,<3.11; 1.8.0 Requires-Python >=3.8,<3.11; 1.8.0rc1 Requires-Python >=3.8,<3.11; 1.8.0rc2 Requires-Python >=3.8,<3.11; 1.8.0rc3 Requires-Python >=3.8,<3.11; 1.8.0rc4 Requires-Python >=3.8,<3.11; 1.8.1 Requires-Python >=3.8,<3.11; 1.9.0 Requires-Python >=3.8,<3.12; 1.9.0rc1 Requires-Python >=3.8,<3.12; 1.9.0rc2 Requires-Python >=3.8,<3.12; 1.9.0rc3 Requires-Python >=3.8,<3.12; 1.9.1 Requires-Python >=3.8,<3.12
1381.4 ERROR: Could not find a version that satisfies the requirement torch==2.8.0+cu128 (from versions: 2.5.0, 2.5.1, 2.6.0, 2.7.0, 2.7.1, 2.8.0, 2.9.0, 2.9.1, 2.10.0, 2.11.0, 2.12.0, 2.12.1, 2.13.0, 2.14.0)
1381.4 
1381.4 [notice] A new release of pip is available: 26.1.2 -> 26.2.1
1381.4 [notice] To update, run: pip install --upgrade pip
1381.4 ERROR: No matching distribution found for torch==2.8.0+cu128
------
